2025-08-10 02:04:37.806 [http-nio-8080-exec-2] ERROR [] c.f.terminal.security.CryptoService - 解密凭据失败: source of the encoding input is null
2025-08-10 02:04:37.809 [http-nio-8080-exec-2] ERROR [] c.f.t.controller.SecurityController - 创建令牌失败: 凭据解密过程出错
java.lang.IllegalStateException: 凭据解密过程出错
	at com.fufu.terminal.security.CryptoService.decryptCredentials(CryptoService.java:135)
	at com.fufu.terminal.controller.SecurityController.createSessionToken(SecurityController.java:96)
	at java.base/jdk.internal.reflect.NativeMethodAccessorImpl.invoke0(Native Method)
	at java.base/jdk.internal.reflect.NativeMethodAccessorImpl.invoke(NativeMethodAccessorImpl.java:77)
	at java.base/jdk.internal.reflect.DelegatingMethodAccessorImpl.invoke(DelegatingMethodAccessorImpl.java:43)
	at java.base/java.lang.reflect.Method.invoke(Method.java:568)
	at org.springframework.web.method.support.InvocableHandlerMethod.doInvoke(InvocableHandlerMethod.java:207)
	at org.springframework.web.method.support.InvocableHandlerMethod.invokeForRequest(InvocableHandlerMethod.java:152)
	at org.springframework.web.servlet.mvc.method.annotation.ServletInvocableHandlerMethod.invokeAndHandle(ServletInvocableHandlerMethod.java:117)
	at org.springframework.web.servlet.mvc.method.annotation.RequestMappingHandlerAdapter.invokeHandlerMethod(RequestMappingHandlerAdapter.java:884)
	at org.springframework.web.servlet.mvc.method.annotation.RequestMappingHandlerAdapter.handleInternal(RequestMappingHandlerAdapter.java:797)
	at org.springframework.web.servlet.mvc.method.AbstractHandlerMethodAdapter.handle(AbstractHandlerMethodAdapter.java:87)
	at org.springframework.web.servlet.DispatcherServlet.doDispatch(DispatcherServlet.java:1080)
	at org.springframework.web.servlet.DispatcherServlet.doService(DispatcherServlet.java:973)
	at org.springframework.web.servlet.FrameworkServlet.processRequest(FrameworkServlet.java:1011)
	at org.springframework.web.servlet.FrameworkServlet.doPost(FrameworkServlet.java:914)
	at jakarta.servlet.http.HttpServlet.service(HttpServlet.java:731)
	at org.springframework.web.servlet.FrameworkServlet.service(FrameworkServlet.java:885)
	at jakarta.servlet.http.HttpServlet.service(HttpServlet.java:814)
	at org.apache.catalina.core.ApplicationFilterChain.internalDoFilter(ApplicationFilterChain.java:223)
	at org.apache.catalina.core.ApplicationFilterChain.doFilter(ApplicationFilterChain.java:158)
	at org.apache.tomcat.websocket.server.WsFilter.doFilter(WsFilter.java:53)
	at org.apache.catalina.core.ApplicationFilterChain.internalDoFilter(ApplicationFilterChain.java:185)
	at org.apache.catalina.core.ApplicationFilterChain.doFilter(ApplicationFilterChain.java:158)
	at org.springframework.web.filter.RequestContextFilter.doFilterInternal(RequestContextFilter.java:100)
	at org.springframework.web.filter.OncePerRequestFilter.doFilter(OncePerRequestFilter.java:116)
	at org.apache.catalina.core.ApplicationFilterChain.internalDoFilter(ApplicationFilterChain.java:185)
	at org.apache.catalina.core.ApplicationFilterChain.doFilter(ApplicationFilterChain.java:158)
	at org.springframework.web.filter.FormContentFilter.doFilterInternal(FormContentFilter.java:93)
	at org.springframework.web.filter.OncePerRequestFilter.doFilter(OncePerRequestFilter.java:116)
	at org.apache.catalina.core.ApplicationFilterChain.internalDoFilter(ApplicationFilterChain.java:185)
	at org.apache.catalina.core.ApplicationFilterChain.doFilter(ApplicationFilterChain.java:158)
	at org.springframework.web.filter.ServerHttpObservationFilter.doFilterInternal(ServerHttpObservationFilter.java:109)
	at org.springframework.web.filter.OncePerRequestFilter.doFilter(OncePerRequestFilter.java:116)
	at org.apache.catalina.core.ApplicationFilterChain.internalDoFilter(ApplicationFilterChain.java:185)
	at org.apache.catalina.core.ApplicationFilterChain.doFilter(ApplicationFilterChain.java:158)
	at org.springframework.web.filter.CharacterEncodingFilter.doFilterInternal(CharacterEncodingFilter.java:201)
	at org.springframework.web.filter.OncePerRequestFilter.doFilter(OncePerRequestFilter.java:116)
	at org.apache.catalina.core.ApplicationFilterChain.internalDoFilter(ApplicationFilterChain.java:185)
	at org.apache.catalina.core.ApplicationFilterChain.doFilter(ApplicationFilterChain.java:158)
	at org.apache.catalina.core.StandardWrapperValve.invoke(StandardWrapperValve.java:177)
	at org.apache.catalina.core.StandardContextValve.invoke(StandardContextValve.java:97)
	at org.apache.catalina.authenticator.AuthenticatorBase.invoke(AuthenticatorBase.java:542)
	at org.apache.catalina.core.StandardHostValve.invoke(StandardHostValve.java:119)
	at org.apache.catalina.valves.ErrorReportValve.invoke(ErrorReportValve.java:92)
	at org.apache.catalina.core.StandardEngineValve.invoke(StandardEngineValve.java:78)
	at org.apache.catalina.connector.CoyoteAdapter.service(CoyoteAdapter.java:357)
	at org.apache.coyote.http11.Http11Processor.service(Http11Processor.java:400)
	at org.apache.coyote.AbstractProcessorLight.process(AbstractProcessorLight.java:65)
	at org.apache.coyote.AbstractProtocol$ConnectionHandler.process(AbstractProtocol.java:859)
	at org.apache.tomcat.util.net.NioEndpoint$SocketProcessor.doRun(NioEndpoint.java:1734)
	at org.apache.tomcat.util.net.SocketProcessorBase.run(SocketProcessorBase.java:52)
	at org.apache.tomcat.util.threads.ThreadPoolExecutor.runWorker(ThreadPoolExecutor.java:1191)
	at org.apache.tomcat.util.threads.ThreadPoolExecutor$Worker.run(ThreadPoolExecutor.java:659)
	at org.apache.tomcat.util.threads.TaskThread$WrappingRunnable.run(TaskThread.java:61)
	at java.base/java.lang.Thread.run(Thread.java:842)
Caused by: java.lang.NullPointerException: source of the encoding input is null
	at java.base/javax.crypto.spec.OAEPParameterSpec.<init>(OAEPParameterSpec.java:137)
	at com.fufu.terminal.security.CryptoService.decryptCredentials(CryptoService.java:114)
	... 55 common frames omitted
2025-08-10 02:05:33.337 [http-nio-8080-exec-2] ERROR [] c.f.terminal.security.CryptoService - 解密凭据失败: source of the encoding input is null
2025-08-10 02:05:33.337 [http-nio-8080-exec-2] ERROR [] c.f.t.controller.SecurityController - 创建令牌失败: 凭据解密过程出错
java.lang.IllegalStateException: 凭据解密过程出错
	at com.fufu.terminal.security.CryptoService.decryptCredentials(CryptoService.java:135)
	at com.fufu.terminal.controller.SecurityController.createSessionToken(SecurityController.java:96)
	at java.base/jdk.internal.reflect.NativeMethodAccessorImpl.invoke0(Native Method)
	at java.base/jdk.internal.reflect.NativeMethodAccessorImpl.invoke(NativeMethodAccessorImpl.java:77)
	at java.base/jdk.internal.reflect.DelegatingMethodAccessorImpl.invoke(DelegatingMethodAccessorImpl.java:43)
	at java.base/java.lang.reflect.Method.invoke(Method.java:568)
	at org.springframework.web.method.support.InvocableHandlerMethod.doInvoke(InvocableHandlerMethod.java:207)
	at org.springframework.web.method.support.InvocableHandlerMethod.invokeForRequest(InvocableHandlerMethod.java:152)
	at org.springframework.web.servlet.mvc.method.annotation.ServletInvocableHandlerMethod.invokeAndHandle(ServletInvocableHandlerMethod.java:117)
	at org.springframework.web.servlet.mvc.method.annotation.RequestMappingHandlerAdapter.invokeHandlerMethod(RequestMappingHandlerAdapter.java:884)
	at org.springframework.web.servlet.mvc.method.annotation.RequestMappingHandlerAdapter.handleInternal(RequestMappingHandlerAdapter.java:797)
	at org.springframework.web.servlet.mvc.method.AbstractHandlerMethodAdapter.handle(AbstractHandlerMethodAdapter.java:87)
	at org.springframework.web.servlet.DispatcherServlet.doDispatch(DispatcherServlet.java:1080)
	at org.springframework.web.servlet.DispatcherServlet.doService(DispatcherServlet.java:973)
	at org.springframework.web.servlet.FrameworkServlet.processRequest(FrameworkServlet.java:1011)
	at org.springframework.web.servlet.FrameworkServlet.doPost(FrameworkServlet.java:914)
	at jakarta.servlet.http.HttpServlet.service(HttpServlet.java:731)
	at org.springframework.web.servlet.FrameworkServlet.service(FrameworkServlet.java:885)
	at jakarta.servlet.http.HttpServlet.service(HttpServlet.java:814)
	at org.apache.catalina.core.ApplicationFilterChain.internalDoFilter(ApplicationFilterChain.java:223)
	at org.apache.catalina.core.ApplicationFilterChain.doFilter(ApplicationFilterChain.java:158)
	at org.apache.tomcat.websocket.server.WsFilter.doFilter(WsFilter.java:53)
	at org.apache.catalina.core.ApplicationFilterChain.internalDoFilter(ApplicationFilterChain.java:185)
	at org.apache.catalina.core.ApplicationFilterChain.doFilter(ApplicationFilterChain.java:158)
	at org.springframework.web.filter.RequestContextFilter.doFilterInternal(RequestContextFilter.java:100)
	at org.springframework.web.filter.OncePerRequestFilter.doFilter(OncePerRequestFilter.java:116)
	at org.apache.catalina.core.ApplicationFilterChain.internalDoFilter(ApplicationFilterChain.java:185)
	at org.apache.catalina.core.ApplicationFilterChain.doFilter(ApplicationFilterChain.java:158)
	at org.springframework.web.filter.FormContentFilter.doFilterInternal(FormContentFilter.java:93)
	at org.springframework.web.filter.OncePerRequestFilter.doFilter(OncePerRequestFilter.java:116)
	at org.apache.catalina.core.ApplicationFilterChain.internalDoFilter(ApplicationFilterChain.java:185)
	at org.apache.catalina.core.ApplicationFilterChain.doFilter(ApplicationFilterChain.java:158)
	at org.springframework.web.filter.ServerHttpObservationFilter.doFilterInternal(ServerHttpObservationFilter.java:109)
	at org.springframework.web.filter.OncePerRequestFilter.doFilter(OncePerRequestFilter.java:116)
	at org.apache.catalina.core.ApplicationFilterChain.internalDoFilter(ApplicationFilterChain.java:185)
	at org.apache.catalina.core.ApplicationFilterChain.doFilter(ApplicationFilterChain.java:158)
	at org.springframework.web.filter.CharacterEncodingFilter.doFilterInternal(CharacterEncodingFilter.java:201)
	at org.springframework.web.filter.OncePerRequestFilter.doFilter(OncePerRequestFilter.java:116)
	at org.apache.catalina.core.ApplicationFilterChain.internalDoFilter(ApplicationFilterChain.java:185)
	at org.apache.catalina.core.ApplicationFilterChain.doFilter(ApplicationFilterChain.java:158)
	at org.apache.catalina.core.StandardWrapperValve.invoke(StandardWrapperValve.java:177)
	at org.apache.catalina.core.StandardContextValve.invoke(StandardContextValve.java:97)
	at org.apache.catalina.authenticator.AuthenticatorBase.invoke(AuthenticatorBase.java:542)
	at org.apache.catalina.core.StandardHostValve.invoke(StandardHostValve.java:119)
	at org.apache.catalina.valves.ErrorReportValve.invoke(ErrorReportValve.java:92)
	at org.apache.catalina.core.StandardEngineValve.invoke(StandardEngineValve.java:78)
	at org.apache.catalina.connector.CoyoteAdapter.service(CoyoteAdapter.java:357)
	at org.apache.coyote.http11.Http11Processor.service(Http11Processor.java:400)
	at org.apache.coyote.AbstractProcessorLight.process(AbstractProcessorLight.java:65)
	at org.apache.coyote.AbstractProtocol$ConnectionHandler.process(AbstractProtocol.java:859)
	at org.apache.tomcat.util.net.NioEndpoint$SocketProcessor.doRun(NioEndpoint.java:1734)
	at org.apache.tomcat.util.net.SocketProcessorBase.run(SocketProcessorBase.java:52)
	at org.apache.tomcat.util.threads.ThreadPoolExecutor.runWorker(ThreadPoolExecutor.java:1191)
	at org.apache.tomcat.util.threads.ThreadPoolExecutor$Worker.run(ThreadPoolExecutor.java:659)
	at org.apache.tomcat.util.threads.TaskThread$WrappingRunnable.run(TaskThread.java:61)
	at java.base/java.lang.Thread.run(Thread.java:842)
Caused by: java.lang.NullPointerException: source of the encoding input is null
	at java.base/javax.crypto.spec.OAEPParameterSpec.<init>(OAEPParameterSpec.java:137)
	at com.fufu.terminal.security.CryptoService.decryptCredentials(CryptoService.java:114)
	... 55 common frames omitted
2025-08-10 02:27:53.824 [http-nio-8080-exec-4] ERROR [3466104c-3291-4179] c.f.t.c.StompAuthenticationInterceptor - 为会话qxwvag4w建立SSH连接失败: reject HostKey: 160.202.238.165
com.jcraft.jsch.JSchException: reject HostKey: 160.202.238.165
	at com.jcraft.jsch.Session.checkHost(Session.java:789)
	at com.jcraft.jsch.Session.connect(Session.java:345)
	at com.fufu.terminal.config.StompAuthenticationInterceptor.handleConnect(StompAuthenticationInterceptor.java:149)
	at com.fufu.terminal.config.StompAuthenticationInterceptor.preSend(StompAuthenticationInterceptor.java:88)
	at org.springframework.messaging.support.AbstractMessageChannel$ChannelInterceptorChain.applyPreSend(AbstractMessageChannel.java:181)
	at org.springframework.messaging.support.AbstractMessageChannel.send(AbstractMessageChannel.java:135)
	at org.springframework.messaging.support.AbstractMessageChannel.send(AbstractMessageChannel.java:125)
	at org.springframework.web.socket.messaging.StompSubProtocolHandler.handleMessageFromClient(StompSubProtocolHandler.java:310)
	at org.springframework.web.socket.messaging.SubProtocolWebSocketHandler.handleMessage(SubProtocolWebSocketHandler.java:335)
	at org.springframework.web.socket.handler.WebSocketHandlerDecorator.handleMessage(WebSocketHandlerDecorator.java:75)
	at org.springframework.web.socket.handler.LoggingWebSocketHandlerDecorator.handleMessage(LoggingWebSocketHandlerDecorator.java:56)
	at org.springframework.web.socket.handler.ExceptionWebSocketHandlerDecorator.handleMessage(ExceptionWebSocketHandlerDecorator.java:58)
	at org.springframework.web.socket.sockjs.transport.session.AbstractSockJsSession.delegateMessages(AbstractSockJsSession.java:386)
	at org.springframework.web.socket.sockjs.transport.session.WebSocketServerSockJsSession.handleMessage(WebSocketServerSockJsSession.java:195)
	at org.springframework.web.socket.sockjs.transport.handler.SockJsWebSocketHandler.handleTextMessage(SockJsWebSocketHandler.java:93)
	at org.springframework.web.socket.handler.AbstractWebSocketHandler.handleMessage(AbstractWebSocketHandler.java:43)
	at org.springframework.web.socket.adapter.standard.StandardWebSocketHandlerAdapter.handleTextMessage(StandardWebSocketHandlerAdapter.java:113)
	at org.springframework.web.socket.adapter.standard.StandardWebSocketHandlerAdapter$3.onMessage(StandardWebSocketHandlerAdapter.java:84)
	at org.springframework.web.socket.adapter.standard.StandardWebSocketHandlerAdapter$3.onMessage(StandardWebSocketHandlerAdapter.java:81)
	at org.apache.tomcat.websocket.WsFrameBase.sendMessageText(WsFrameBase.java:415)
	at org.apache.tomcat.websocket.server.WsFrameServer.sendMessageText(WsFrameServer.java:129)
	at org.apache.tomcat.websocket.WsFrameBase.processDataText(WsFrameBase.java:515)
	at org.apache.tomcat.websocket.WsFrameBase.processData(WsFrameBase.java:301)
	at org.apache.tomcat.websocket.WsFrameBase.processInputBuffer(WsFrameBase.java:133)
	at org.apache.tomcat.websocket.server.WsFrameServer.onDataAvailable(WsFrameServer.java:85)
	at org.apache.tomcat.websocket.server.WsFrameServer.doOnDataAvailable(WsFrameServer.java:183)
	at org.apache.tomcat.websocket.server.WsFrameServer.notifyDataAvailable(WsFrameServer.java:162)
	at org.apache.tomcat.websocket.server.WsHttpUpgradeHandler.upgradeDispatch(WsHttpUpgradeHandler.java:157)
	at org.apache.coyote.http11.upgrade.UpgradeProcessorInternal.dispatch(UpgradeProcessorInternal.java:60)
	at org.apache.coyote.AbstractProcessorLight.process(AbstractProcessorLight.java:59)
	at org.apache.coyote.AbstractProtocol$ConnectionHandler.process(AbstractProtocol.java:859)
	at org.apache.tomcat.util.net.NioEndpoint$SocketProcessor.doRun(NioEndpoint.java:1734)
	at org.apache.tomcat.util.net.SocketProcessorBase.run(SocketProcessorBase.java:52)
	at org.apache.tomcat.util.threads.ThreadPoolExecutor.runWorker(ThreadPoolExecutor.java:1191)
	at org.apache.tomcat.util.threads.ThreadPoolExecutor$Worker.run(ThreadPoolExecutor.java:659)
	at org.apache.tomcat.util.threads.TaskThread$WrappingRunnable.run(TaskThread.java:61)
	at java.base/java.lang.Thread.run(Thread.java:842)
2025-08-10 02:29:12.392 [http-nio-8080-exec-4] ERROR [fc571064-2162-5709] c.f.t.c.StompAuthenticationInterceptor - 为会话ry32y322建立SSH连接失败: reject HostKey: 160.202.238.165
com.jcraft.jsch.JSchException: reject HostKey: 160.202.238.165
	at com.jcraft.jsch.Session.checkHost(Session.java:789)
	at com.jcraft.jsch.Session.connect(Session.java:345)
	at com.fufu.terminal.config.StompAuthenticationInterceptor.handleConnect(StompAuthenticationInterceptor.java:149)
	at com.fufu.terminal.config.StompAuthenticationInterceptor.preSend(StompAuthenticationInterceptor.java:88)
	at org.springframework.messaging.support.AbstractMessageChannel$ChannelInterceptorChain.applyPreSend(AbstractMessageChannel.java:181)
	at org.springframework.messaging.support.AbstractMessageChannel.send(AbstractMessageChannel.java:135)
	at org.springframework.messaging.support.AbstractMessageChannel.send(AbstractMessageChannel.java:125)
	at org.springframework.web.socket.messaging.StompSubProtocolHandler.handleMessageFromClient(StompSubProtocolHandler.java:310)
	at org.springframework.web.socket.messaging.SubProtocolWebSocketHandler.handleMessage(SubProtocolWebSocketHandler.java:335)
	at org.springframework.web.socket.handler.WebSocketHandlerDecorator.handleMessage(WebSocketHandlerDecorator.java:75)
	at org.springframework.web.socket.handler.LoggingWebSocketHandlerDecorator.handleMessage(LoggingWebSocketHandlerDecorator.java:56)
	at org.springframework.web.socket.handler.ExceptionWebSocketHandlerDecorator.handleMessage(ExceptionWebSocketHandlerDecorator.java:58)
	at org.springframework.web.socket.sockjs.transport.session.AbstractSockJsSession.delegateMessages(AbstractSockJsSession.java:386)
	at org.springframework.web.socket.sockjs.transport.session.WebSocketServerSockJsSession.handleMessage(WebSocketServerSockJsSession.java:195)
	at org.springframework.web.socket.sockjs.transport.handler.SockJsWebSocketHandler.handleTextMessage(SockJsWebSocketHandler.java:93)
	at org.springframework.web.socket.handler.AbstractWebSocketHandler.handleMessage(AbstractWebSocketHandler.java:43)
	at org.springframework.web.socket.adapter.standard.StandardWebSocketHandlerAdapter.handleTextMessage(StandardWebSocketHandlerAdapter.java:113)
	at org.springframework.web.socket.adapter.standard.StandardWebSocketHandlerAdapter$3.onMessage(StandardWebSocketHandlerAdapter.java:84)
	at org.springframework.web.socket.adapter.standard.StandardWebSocketHandlerAdapter$3.onMessage(StandardWebSocketHandlerAdapter.java:81)
	at org.apache.tomcat.websocket.WsFrameBase.sendMessageText(WsFrameBase.java:415)
	at org.apache.tomcat.websocket.server.WsFrameServer.sendMessageText(WsFrameServer.java:129)
	at org.apache.tomcat.websocket.WsFrameBase.processDataText(WsFrameBase.java:515)
	at org.apache.tomcat.websocket.WsFrameBase.processData(WsFrameBase.java:301)
	at org.apache.tomcat.websocket.WsFrameBase.processInputBuffer(WsFrameBase.java:133)
	at org.apache.tomcat.websocket.server.WsFrameServer.onDataAvailable(WsFrameServer.java:85)
	at org.apache.tomcat.websocket.server.WsFrameServer.doOnDataAvailable(WsFrameServer.java:183)
	at org.apache.tomcat.websocket.server.WsFrameServer.notifyDataAvailable(WsFrameServer.java:162)
	at org.apache.tomcat.websocket.server.WsHttpUpgradeHandler.upgradeDispatch(WsHttpUpgradeHandler.java:157)
	at org.apache.coyote.http11.upgrade.UpgradeProcessorInternal.dispatch(UpgradeProcessorInternal.java:60)
	at org.apache.coyote.AbstractProcessorLight.process(AbstractProcessorLight.java:59)
	at org.apache.coyote.AbstractProtocol$ConnectionHandler.process(AbstractProtocol.java:859)
	at org.apache.tomcat.util.net.NioEndpoint$SocketProcessor.doRun(NioEndpoint.java:1734)
	at org.apache.tomcat.util.net.SocketProcessorBase.run(SocketProcessorBase.java:52)
	at org.apache.tomcat.util.threads.ThreadPoolExecutor.runWorker(ThreadPoolExecutor.java:1191)
	at org.apache.tomcat.util.threads.ThreadPoolExecutor$Worker.run(ThreadPoolExecutor.java:659)
	at org.apache.tomcat.util.threads.TaskThread$WrappingRunnable.run(TaskThread.java:61)
	at java.base/java.lang.Thread.run(Thread.java:842)
2025-08-10 02:42:21.270 [clientInboundChannel-2] ERROR [] c.f.t.s.s.DockerContainerService - 获取容器状态异常: sillytavern
java.lang.Exception: 拒绝执行危险命令: format
	at com.fufu.terminal.service.sillytavern.DockerContainerService.executeCommand(DockerContainerService.java:380)
	at com.fufu.terminal.service.sillytavern.DockerContainerService.getContainerStatus(DockerContainerService.java:65)
	at com.fufu.terminal.service.sillytavern.SillyTavernService.getContainerStatus(SillyTavernService.java:64)
	at com.fufu.terminal.service.sillytavern.SillyTavernService.getContainerStatus(SillyTavernService.java:52)
	at com.fufu.terminal.controller.SillyTavernStompController.handleStatusRequest(SillyTavernStompController.java:121)
	at java.base/jdk.internal.reflect.NativeMethodAccessorImpl.invoke0(Native Method)
	at java.base/jdk.internal.reflect.NativeMethodAccessorImpl.invoke(NativeMethodAccessorImpl.java:77)
	at java.base/jdk.internal.reflect.DelegatingMethodAccessorImpl.invoke(DelegatingMethodAccessorImpl.java:43)
	at java.base/java.lang.reflect.Method.invoke(Method.java:568)
	at org.springframework.messaging.handler.invocation.InvocableHandlerMethod.doInvoke(InvocableHandlerMethod.java:169)
	at org.springframework.messaging.handler.invocation.InvocableHandlerMethod.invoke(InvocableHandlerMethod.java:119)
	at org.springframework.messaging.handler.invocation.AbstractMethodMessageHandler.handleMatch(AbstractMethodMessageHandler.java:568)
	at org.springframework.messaging.simp.annotation.support.SimpAnnotationMethodMessageHandler.handleMatch(SimpAnnotationMethodMessageHandler.java:511)
	at org.springframework.messaging.simp.annotation.support.SimpAnnotationMethodMessageHandler.handleMatch(SimpAnnotationMethodMessageHandler.java:93)
	at org.springframework.messaging.handler.invocation.AbstractMethodMessageHandler.handleMessageInternal(AbstractMethodMessageHandler.java:523)
	at org.springframework.messaging.handler.invocation.AbstractMethodMessageHandler.handleMessage(AbstractMethodMessageHandler.java:458)
	at org.springframework.messaging.support.ExecutorSubscribableChannel$SendTask.run(ExecutorSubscribableChannel.java:144)
	at java.base/java.util.concurrent.ThreadPoolExecutor.runWorker(ThreadPoolExecutor.java:1136)
	at java.base/java.util.concurrent.ThreadPoolExecutor$Worker.run(ThreadPoolExecutor.java:635)
	at java.base/java.lang.Thread.run(Thread.java:842)
Caused by: java.lang.SecurityException: 拒绝执行危险命令: format
	at com.fufu.terminal.service.SshCommandService.enforceSecurityPolicies(SshCommandService.java:387)
	at com.fufu.terminal.service.SshCommandService.executeWithPolicies(SshCommandService.java:312)
	at com.fufu.terminal.service.SshCommandService.execute(SshCommandService.java:169)
	at com.fufu.terminal.service.SshCommandService.executeOrThrow(SshCommandService.java:135)
	at com.fufu.terminal.service.SshCommandService.executeOrThrow(SshCommandService.java:121)
	at com.fufu.terminal.service.sillytavern.DockerContainerService.executeCommand(DockerContainerService.java:373)
	... 19 common frames omitted
2025-08-10 16:45:17.192 [ForkJoinPool.commonPool-worker-2] ERROR [] c.f.t.s.s.GeolocationDetectionService - 地理位置检测过程中发生异常
java.lang.SecurityException: 命令执行过于频繁，请稍后再试
	at com.fufu.terminal.service.SshCommandService.enforceSecurityPolicies(SshCommandService.java:460)
	at com.fufu.terminal.service.SshCommandService.executeWithPolicies(SshCommandService.java:361)
	at com.fufu.terminal.service.SshCommandService.execute(SshCommandService.java:169)
	at com.fufu.terminal.service.SshCommandService.execute(SshCommandService.java:156)
	at com.fufu.terminal.service.SshCommandService.executeCommand(SshCommandService.java:349)
	at com.fufu.terminal.service.sillytavern.GeolocationDetectionService.lambda$detectGeolocation$0(GeolocationDetectionService.java:43)
	at java.base/java.util.concurrent.CompletableFuture$AsyncSupply.run(CompletableFuture.java:1768)
	at java.base/java.util.concurrent.CompletableFuture$AsyncSupply.exec(CompletableFuture.java:1760)
	at java.base/java.util.concurrent.ForkJoinTask.doExec(ForkJoinTask.java:373)
	at java.base/java.util.concurrent.ForkJoinPool$WorkQueue.helpAsyncBlocker(ForkJoinPool.java:1253)
	at java.base/java.util.concurrent.ForkJoinPool.helpAsyncBlocker(ForkJoinPool.java:2237)
	at java.base/java.util.concurrent.CompletableFuture.waitingGet(CompletableFuture.java:1887)
	at java.base/java.util.concurrent.CompletableFuture.join(CompletableFuture.java:2117)
	at com.fufu.terminal.service.sillytavern.SystemConfigurationService.lambda$configureSystemMirrors$0(SystemConfigurationService.java:48)
	at java.base/java.util.concurrent.CompletableFuture$AsyncSupply.run(CompletableFuture.java:1768)
	at java.base/java.util.concurrent.CompletableFuture$AsyncSupply.exec(CompletableFuture.java:1760)
	at java.base/java.util.concurrent.ForkJoinTask.doExec(ForkJoinTask.java:373)
	at java.base/java.util.concurrent.ForkJoinPool$WorkQueue.helpAsyncBlocker(ForkJoinPool.java:1253)
	at java.base/java.util.concurrent.ForkJoinPool.helpAsyncBlocker(ForkJoinPool.java:2237)
	at java.base/java.util.concurrent.CompletableFuture.waitingGet(CompletableFuture.java:1887)
	at java.base/java.util.concurrent.CompletableFuture.join(CompletableFuture.java:2117)
	at com.fufu.terminal.service.sillytavern.InteractiveDeploymentService.executePackageManagerConfig(InteractiveDeploymentService.java:428)
	at com.fufu.terminal.service.sillytavern.InteractiveDeploymentService.executeStep(InteractiveDeploymentService.java:326)
	at com.fufu.terminal.service.sillytavern.InteractiveDeploymentService.executeDeploymentSteps(InteractiveDeploymentService.java:271)
	at com.fufu.terminal.service.sillytavern.InteractiveDeploymentService.lambda$startInteractiveDeployment$0(InteractiveDeploymentService.java:116)
	at java.base/java.util.concurrent.CompletableFuture$AsyncRun.run(CompletableFuture.java:1804)
	at java.base/java.util.concurrent.CompletableFuture$AsyncRun.exec(CompletableFuture.java:1796)
	at java.base/java.util.concurrent.ForkJoinTask.doExec(ForkJoinTask.java:373)
	at java.base/java.util.concurrent.ForkJoinPool$WorkQueue.topLevelExec(ForkJoinPool.java:1182)
	at java.base/java.util.concurrent.ForkJoinPool.scan(ForkJoinPool.java:1655)
	at java.base/java.util.concurrent.ForkJoinPool.runWorker(ForkJoinPool.java:1622)
	at java.base/java.util.concurrent.ForkJoinWorkerThread.run(ForkJoinWorkerThread.java:165)
2025-08-10 16:45:17.196 [ForkJoinPool.commonPool-worker-2] ERROR [] c.f.t.s.s.DockerInstallationService - 检查 Docker 安装状态失败
java.lang.SecurityException: 命令执行过于频繁，请稍后再试
	at com.fufu.terminal.service.SshCommandService.enforceSecurityPolicies(SshCommandService.java:460)
	at com.fufu.terminal.service.SshCommandService.executeWithPolicies(SshCommandService.java:361)
	at com.fufu.terminal.service.SshCommandService.execute(SshCommandService.java:169)
	at com.fufu.terminal.service.SshCommandService.execute(SshCommandService.java:156)
	at com.fufu.terminal.service.SshCommandService.executeCommand(SshCommandService.java:349)
	at com.fufu.terminal.service.sillytavern.DockerInstallationService.lambda$checkDockerInstallation$0(DockerInstallationService.java:56)
	at java.base/java.util.concurrent.CompletableFuture$AsyncSupply.run(CompletableFuture.java:1768)
	at java.base/java.util.concurrent.CompletableFuture$AsyncSupply.exec(CompletableFuture.java:1760)
	at java.base/java.util.concurrent.ForkJoinTask.doExec(ForkJoinTask.java:373)
	at java.base/java.util.concurrent.ForkJoinPool$WorkQueue.helpAsyncBlocker(ForkJoinPool.java:1253)
	at java.base/java.util.concurrent.ForkJoinPool.helpAsyncBlocker(ForkJoinPool.java:2237)
	at java.base/java.util.concurrent.CompletableFuture.waitingGet(CompletableFuture.java:1887)
	at java.base/java.util.concurrent.CompletableFuture.join(CompletableFuture.java:2117)
	at com.fufu.terminal.service.sillytavern.InteractiveDeploymentService.executeDockerInstallation(InteractiveDeploymentService.java:466)
	at com.fufu.terminal.service.sillytavern.InteractiveDeploymentService.executeStep(InteractiveDeploymentService.java:329)
	at com.fufu.terminal.service.sillytavern.InteractiveDeploymentService.executeDeploymentSteps(InteractiveDeploymentService.java:271)
	at com.fufu.terminal.service.sillytavern.InteractiveDeploymentService.lambda$startInteractiveDeployment$0(InteractiveDeploymentService.java:116)
	at java.base/java.util.concurrent.CompletableFuture$AsyncRun.run(CompletableFuture.java:1804)
	at java.base/java.util.concurrent.CompletableFuture$AsyncRun.exec(CompletableFuture.java:1796)
	at java.base/java.util.concurrent.ForkJoinTask.doExec(ForkJoinTask.java:373)
	at java.base/java.util.concurrent.ForkJoinPool$WorkQueue.topLevelExec(ForkJoinPool.java:1182)
	at java.base/java.util.concurrent.ForkJoinPool.scan(ForkJoinPool.java:1655)
	at java.base/java.util.concurrent.ForkJoinPool.runWorker(ForkJoinPool.java:1622)
	at java.base/java.util.concurrent.ForkJoinWorkerThread.run(ForkJoinWorkerThread.java:165)
2025-08-10 16:45:17.197 [ForkJoinPool.commonPool-worker-2] ERROR [] c.f.t.s.s.DockerInstallationService - Docker 安装过程中发生异常
java.lang.NullPointerException: Cannot invoke "String.toLowerCase()" because the return value of "com.fufu.terminal.service.sillytavern.SystemDetectionService$SystemInfo.getOsId()" is null
	at com.fufu.terminal.service.sillytavern.DockerInstallationService.lambda$installDocker$1(DockerInstallationService.java:93)
	at java.base/java.util.concurrent.CompletableFuture$AsyncSupply.run(CompletableFuture.java:1768)
	at java.base/java.util.concurrent.CompletableFuture$AsyncSupply.exec(CompletableFuture.java:1760)
	at java.base/java.util.concurrent.ForkJoinTask.doExec(ForkJoinTask.java:373)
	at java.base/java.util.concurrent.ForkJoinPool$WorkQueue.helpAsyncBlocker(ForkJoinPool.java:1253)
	at java.base/java.util.concurrent.ForkJoinPool.helpAsyncBlocker(ForkJoinPool.java:2237)
	at java.base/java.util.concurrent.CompletableFuture.waitingGet(CompletableFuture.java:1887)
	at java.base/java.util.concurrent.CompletableFuture.join(CompletableFuture.java:2117)
	at com.fufu.terminal.service.sillytavern.InteractiveDeploymentService.executeDockerInstallation(InteractiveDeploymentService.java:518)
	at com.fufu.terminal.service.sillytavern.InteractiveDeploymentService.executeStep(InteractiveDeploymentService.java:329)
	at com.fufu.terminal.service.sillytavern.InteractiveDeploymentService.executeDeploymentSteps(InteractiveDeploymentService.java:271)
	at com.fufu.terminal.service.sillytavern.InteractiveDeploymentService.lambda$startInteractiveDeployment$0(InteractiveDeploymentService.java:116)
	at java.base/java.util.concurrent.CompletableFuture$AsyncRun.run(CompletableFuture.java:1804)
	at java.base/java.util.concurrent.CompletableFuture$AsyncRun.exec(CompletableFuture.java:1796)
	at java.base/java.util.concurrent.ForkJoinTask.doExec(ForkJoinTask.java:373)
	at java.base/java.util.concurrent.ForkJoinPool$WorkQueue.topLevelExec(ForkJoinPool.java:1182)
	at java.base/java.util.concurrent.ForkJoinPool.scan(ForkJoinPool.java:1655)
	at java.base/java.util.concurrent.ForkJoinPool.runWorker(ForkJoinPool.java:1622)
	at java.base/java.util.concurrent.ForkJoinWorkerThread.run(ForkJoinWorkerThread.java:165)
2025-08-10 16:45:17.198 [ForkJoinPool.commonPool-worker-2] ERROR [] c.f.t.s.s.InteractiveDeploymentService - 步骤执行失败，会话: jexzux3a, 步骤: docker_installation
java.lang.RuntimeException: Docker安装失败: 安装过程中发生异常: Cannot invoke "String.toLowerCase()" because the return value of "com.fufu.terminal.service.sillytavern.SystemDetectionService$SystemInfo.getOsId()" is null
	at com.fufu.terminal.service.sillytavern.InteractiveDeploymentService.executeDockerInstallation(InteractiveDeploymentService.java:526)
	at com.fufu.terminal.service.sillytavern.InteractiveDeploymentService.executeStep(InteractiveDeploymentService.java:329)
	at com.fufu.terminal.service.sillytavern.InteractiveDeploymentService.executeDeploymentSteps(InteractiveDeploymentService.java:271)
	at com.fufu.terminal.service.sillytavern.InteractiveDeploymentService.lambda$startInteractiveDeployment$0(InteractiveDeploymentService.java:116)
	at java.base/java.util.concurrent.CompletableFuture$AsyncRun.run(CompletableFuture.java:1804)
	at java.base/java.util.concurrent.CompletableFuture$AsyncRun.exec(CompletableFuture.java:1796)
	at java.base/java.util.concurrent.ForkJoinTask.doExec(ForkJoinTask.java:373)
	at java.base/java.util.concurrent.ForkJoinPool$WorkQueue.topLevelExec(ForkJoinPool.java:1182)
	at java.base/java.util.concurrent.ForkJoinPool.scan(ForkJoinPool.java:1655)
	at java.base/java.util.concurrent.ForkJoinPool.runWorker(ForkJoinPool.java:1622)
	at java.base/java.util.concurrent.ForkJoinWorkerThread.run(ForkJoinWorkerThread.java:165)
2025-08-10 16:45:17.199 [ForkJoinPool.commonPool-worker-2] ERROR [] c.f.t.s.s.InteractiveDeploymentService - 部署失败，会话: jexzux3a
java.lang.RuntimeException: Docker安装失败: 安装过程中发生异常: Cannot invoke "String.toLowerCase()" because the return value of "com.fufu.terminal.service.sillytavern.SystemDetectionService$SystemInfo.getOsId()" is null
	at com.fufu.terminal.service.sillytavern.InteractiveDeploymentService.executeDockerInstallation(InteractiveDeploymentService.java:526)
	at com.fufu.terminal.service.sillytavern.InteractiveDeploymentService.executeStep(InteractiveDeploymentService.java:329)
	at com.fufu.terminal.service.sillytavern.InteractiveDeploymentService.executeDeploymentSteps(InteractiveDeploymentService.java:271)
	at com.fufu.terminal.service.sillytavern.InteractiveDeploymentService.lambda$startInteractiveDeployment$0(InteractiveDeploymentService.java:116)
	at java.base/java.util.concurrent.CompletableFuture$AsyncRun.run(CompletableFuture.java:1804)
	at java.base/java.util.concurrent.CompletableFuture$AsyncRun.exec(CompletableFuture.java:1796)
	at java.base/java.util.concurrent.ForkJoinTask.doExec(ForkJoinTask.java:373)
	at java.base/java.util.concurrent.ForkJoinPool$WorkQueue.topLevelExec(ForkJoinPool.java:1182)
	at java.base/java.util.concurrent.ForkJoinPool.scan(ForkJoinPool.java:1655)
	at java.base/java.util.concurrent.ForkJoinPool.runWorker(ForkJoinPool.java:1622)
	at java.base/java.util.concurrent.ForkJoinWorkerThread.run(ForkJoinWorkerThread.java:165)
